.\gradlew.bat : C:\Users\zakur\Desktop\sadasf\src\main\java\com\schnurritv\sexmod\networking\AnimationSyncPacket.java:6
: error: cannot find symbol
строка:1 знак:50
+ ... va\jdk-21'; .\gradlew.bat compileJava --quiet > build_errors.txt 2>&1 ...
+                 ~~~~~~~~~~~~~~~~~~~~~~~~~~~~~~~~~~~~~~~~~~~~~~~~~~~~~~~~~
    + CategoryInfo          : NotSpecified: (C:\Users\zakur\...not find symbol:String) [], RemoteException
    + FullyQualifiedErrorId : NativeCommandError
 
import net.minecraftforge.network.NetworkEvent;
                                 ^
  symbol:   class NetworkEvent
  location: package net.minecraftforge.network
C:\Users\zakur\Desktop\sadasf\src\main\java\com\schnurritv\sexmod\networking\AnimationSyncPacket.java:27: error: packag
e NetworkEvent does not exist
    public static void handle(AnimationSyncPacket msg, Supplier<NetworkEvent.Context> ctx) {
                                                                            ^
C:\Users\zakur\Desktop\sadasf\src\main\java\com\schnurritv\sexmod\networking\MovementStatePacket.java:6: error: cannot 
find symbol
import net.minecraftforge.network.NetworkEvent;
                                 ^
  symbol:   class NetworkEvent
  location: package net.minecraftforge.network
C:\Users\zakur\Desktop\sadasf\src\main\java\com\schnurritv\sexmod\networking\MovementStatePacket.java:27: error: packag
e NetworkEvent does not exist
    public static void handle(MovementStatePacket msg, Supplier<NetworkEvent.Context> ctx) {
                                                                            ^
C:\Users\zakur\Desktop\sadasf\src\main\java\com\schnurritv\sexmod\networking\NetworkHandler.java:8: error: cannot find 
symbol
import net.minecraftforge.network.simple.SimpleChannel;
                                        ^
  symbol:   class SimpleChannel
  location: package net.minecraftforge.network.simple
C:\Users\zakur\Desktop\sadasf\src\main\java\com\schnurritv\sexmod\networking\NetworkHandler.java:12: error: cannot find
 symbol
    public static final SimpleChannel INSTANCE = NetworkRegistry.newSimpleChannel(
                        ^
  symbol:   class SimpleChannel
  location: class NetworkHandler
C:\Users\zakur\Desktop\sadasf\src\main\java\com\schnurritv\sexmod\networking\SceneActionPacket.java:7: error: cannot fi
nd symbol
import net.minecraftforge.network.NetworkEvent;
                                 ^
  symbol:   class NetworkEvent
  location: package net.minecraftforge.network
C:\Users\zakur\Desktop\sadasf\src\main\java\com\schnurritv\sexmod\networking\SceneActionPacket.java:28: error: package 
NetworkEvent does not exist
    public static void handle(SceneActionPacket msg, Supplier<NetworkEvent.Context> ctx) {
                                                                          ^
C:\Users\zakur\Desktop\sadasf\src\main\java\com\schnurritv\sexmod\entity\ai\SexModFollowGoal.java:96: error: no suitabl
e method found for getPathTypeStatic(Level,MutableBlockPos)
        PathType pathtype = net.minecraft.world.level.pathfinder.WalkNodeEvaluator.getPathTypeStatic(this.girl.level(),
 pos.mutable());
                                                                                  ^
    method WalkNodeEvaluator.getPathTypeStatic(Mob,BlockPos) is not applicable
      (argument mismatch; Level cannot be converted to Mob)
    method WalkNodeEvaluator.getPathTypeStatic(PathfindingContext,MutableBlockPos) is not applicable
      (argument mismatch; Level cannot be converted to PathfindingContext)
C:\Users\zakur\Desktop\sadasf\src\main\java\com\schnurritv\sexmod\networking\NetworkHandler.java:12: error: cannot find
 symbol
    public static final SimpleChannel INSTANCE = NetworkRegistry.newSimpleChannel(
                                                                ^
  symbol:   method newSimpleChannel(ResourceLocation,()->PROTOC[...]RSION,PROTOCOL_V[...]quals,PROTOCOL_V[...]quals)
  location: class NetworkRegistry
C:\Users\zakur\Desktop\sadasf\src\main\java\com\schnurritv\sexmod\networking\NetworkHandler.java:27: error: incompatibl
e types: Entity is not a functional interface
        INSTANCE.send(net.minecraftforge.network.PacketDistributor.TRACKING_ENTITY.with(() -> entity), new AnimationSyn
cPacket(entity.getId(), animation.name()));
                                                                                  ^
Note: Some messages have been simplified; recompile with -Xdiags:verbose to get full output
11 errors

FAILURE: Build failed with an exception.

* What went wrong:
Execution failed for task ':compileJava'.
> Compilation failed; see the compiler error output for details.

* Try:
> Run with --info option to get more log output.
> Run with --scan to get full insights.

BUILD FAILED in 3s
